\BOOKMARK [1][-]{section.1}{\376\377\000A\000v\000a\000n\000t\000\040\000d\000e\000\040\000c\000o\000m\000m\000e\000n\000c\000e\000r}{}% 1
\BOOKMARK [1][-]{section.2}{\376\377\000S\000e\000\040\000c\000o\000n\000n\000e\000c\000t\000e\000r}{}% 2
\BOOKMARK [2][-]{subsection.2.1}{\376\377\000L\000a\000\040\000p\000a\000g\000e\000\040\000d\000e\000\040\000c\000o\000n\000n\000e\000x\000i\000o\000n}{section.2}% 3
\BOOKMARK [2][-]{subsection.2.2}{\376\377\000Q\000u\000e\000\040\000s\000e\000\040\000p\000a\000s\000s\000e\000-\000t\000-\000i\000l\000\040\000a\000p\000r\000\350\000s\000\040\000?}{section.2}% 4
\BOOKMARK [1][-]{section.3}{\376\377\000L\000'\000i\000n\000t\000e\000r\000f\000a\000c\000e\000\040\000a\000u\000t\000o\000u\000r\000\040\000d\000e\000s\000\040\000p\000a\000g\000e\000s}{}% 5
\BOOKMARK [2][-]{subsection.3.1}{\376\377\000L\000a\000\040\000b\000a\000r\000r\000e\000\040\000d\000u\000\040\000h\000a\000u\000t}{section.3}% 6
\BOOKMARK [2][-]{subsection.3.2}{\376\377\000L\000e\000\040\000m\000e\000n\000u\000\040\000l\000a\000t\000\351\000r\000a\000l\000\040\000\050\000l\000a\000\040\000s\000i\000d\000e\000b\000a\000r\000\051}{section.3}% 7
\BOOKMARK [2][-]{subsection.3.3}{\376\377\000L\000e\000\040\000m\000e\000n\000u\000\040\000u\000t\000i\000l\000i\000s\000a\000t\000e\000u\000r}{section.3}% 8
\BOOKMARK [2][-]{subsection.3.4}{\376\377\000L\000e\000s\000\040\000n\000o\000t\000i\000f\000i\000c\000a\000t\000i\000o\000n\000s}{section.3}% 9
\BOOKMARK [1][-]{section.4}{\376\377\000L\000a\000\040\000p\000a\000g\000e\000\040\000d\000'\000a\000c\000c\000u\000e\000i\000l}{}% 10
\BOOKMARK [2][-]{subsection.4.1}{\376\377\000C\000e\000\040\000q\000u\000e\000\040\000t\000u\000\040\000v\000o\000i\000s}{section.4}% 11
\BOOKMARK [2][-]{subsection.4.2}{\376\377\000L\000e\000s\000\040\000c\000a\000r\000t\000e\000s}{section.4}% 12
\BOOKMARK [2][-]{subsection.4.3}{\376\377\000L\000e\000s\000\040\000c\000a\000r\000t\000e\000s\000\040\000s\000o\000n\000t\000\040\000t\000r\000i\000\351\000e\000s}{section.4}% 13
\BOOKMARK [2][-]{subsection.4.4}{\376\377\000L\000'\000a\000c\000c\000u\000e\000i\000l\000\040\000s\000u\000r\000\040\000t\000\351\000l\000\351\000p\000h\000o\000n\000e}{section.4}% 14
\BOOKMARK [1][-]{section.5}{\376\377\000L\000e\000\040\000t\000a\000b\000l\000e\000a\000u\000\040\000d\000e\000\040\000b\000o\000r\000d\000\040\000g\000l\000o\000b\000a\000l}{}% 15
\BOOKMARK [2][-]{subsection.5.1}{\376\377\000O\000u\000v\000r\000i\000r\000\040\000l\000e\000\040\000t\000a\000b\000l\000e\000a\000u\000\040\000d\000e\000\040\000b\000o\000r\000d}{section.5}% 16
\BOOKMARK [2][-]{subsection.5.2}{\376\377\000L\000e\000\040\000f\000i\000l\000t\000r\000e\000\040\000d\000e\000\040\000p\000\351\000r\000i\000o\000d\000e}{section.5}% 17
\BOOKMARK [3][-]{subsubsection.5.2.1}{\376\377\000L\000a\000\040\000p\000\351\000r\000i\000o\000d\000e\000\040\000p\000e\000r\000s\000o\000n\000n\000a\000l\000i\000s\000\351\000e}{subsection.5.2}% 18
\BOOKMARK [2][-]{subsection.5.3}{\376\377\000L\000a\000\040\000s\000e\000c\000t\000i\000o\000n\000\040\000R\000\351\000s\000i\000d\000e\000n\000c\000e}{section.5}% 19
\BOOKMARK [3][-]{subsubsection.5.3.1}{\376\377\000L\000e\000\040\000t\000a\000b\000l\000e\000a\000u\000\040\000d\000e\000s\000\040\000i\000m\000p\000a\000y\000\351\000s}{subsection.5.3}% 20
\BOOKMARK [2][-]{subsection.5.4}{\376\377\000L\000a\000\040\000v\000u\000e\000\040\000f\000i\000n\000a\000n\000c\000i\000\350\000r\000e}{section.5}% 21
\BOOKMARK [2][-]{subsection.5.5}{\376\377\000L\000e\000s\000\040\000r\000e\000c\000e\000t\000t\000e\000s\000\040\000p\000a\000r\000\040\000a\000c\000t\000i\000v\000i\000t\000\351}{section.5}% 22
\BOOKMARK [2][-]{subsection.5.6}{\376\377\000L\000e\000s\000\040\000s\000e\000r\000v\000i\000c\000e\000s\000\040\000\050\000s\000a\000l\000l\000e\000\040\000d\000e\000\040\000f\000\352\000t\000e\000\051}{section.5}% 23
\BOOKMARK [2][-]{subsection.5.7}{\376\377\000M\000a\000r\000k\000e\000t\000\040\000\046\000\040\000I\000n\000v\000e\000n\000t\000a\000i\000r\000e}{section.5}% 24
\BOOKMARK [2][-]{subsection.5.8}{\376\377\000L\000a\000\040\000b\000l\000a\000n\000c\000h\000i\000s\000s\000e\000r\000i\000e\000\040\000\050\000p\000r\000e\000s\000s\000i\000n\000g\000\051}{section.5}% 25
\BOOKMARK [2][-]{subsection.5.9}{\376\377\000L\000e\000s\000\040\000r\000e\000s\000s\000o\000u\000r\000c\000e\000s\000\040\000h\000u\000m\000a\000i\000n\000e\000s}{section.5}% 26
\BOOKMARK [2][-]{subsection.5.10}{\376\377\000L\000e\000\040\000t\000a\000b\000l\000e\000a\000u\000\040\000d\000e\000\040\000b\000o\000r\000d\000\040\000s\000u\000r\000\040\000t\000\351\000l\000\351\000p\000h\000o\000n\000e}{section.5}% 27
\BOOKMARK [1][-]{section.6}{\376\377\000J\000'\000a\000i\000\040\000u\000n\000\040\000p\000r\000o\000b\000l\000\350\000m\000e\000\040\000:\000\040\000q\000u\000e\000\040\000f\000a\000i\000r\000e\000\040\000?}{}% 28
\BOOKMARK [1][-]{section.7}{\376\377\000R\000\351\000c\000a\000p\000i\000t\000u\000l\000a\000t\000i\000f\000\040\000d\000e\000s\000\040\000p\000e\000r\000m\000i\000s\000s\000i\000o\000n\000s}{}% 29
